#-----------------------------------------------------------
# Vivado v2019.1 (64-bit)
# SW Build 2552052 on Fri May 24 14:49:42 MDT 2019
# IP Build 2548770 on Fri May 24 18:01:18 MDT 2019
# Start of session at: Sat Nov 29 19:06:54 2025
# Process ID: 7904
# Current directory: C:/Users/ASA/Desktop/Digital Pulse Detection
# Command line: vivado.exe -gui_launcher_event rodinguilauncherevent5512 C:\Users\ASA\Desktop\Digital Pulse Detection\Digital Pulse Detection.xpr
# Log file: C:/Users/ASA/Desktop/Digital Pulse Detection/vivado.log
# Journal file: C:/Users/ASA/Desktop/Digital Pulse Detection\vivado.jou
#-----------------------------------------------------------
start_gui
open_project {C:/Users/ASA/Desktop/Digital Pulse Detection/Digital Pulse Detection.xpr}
update_compile_order -fileset sources_1
set_property SOURCE_SET sources_1 [get_filesets sim_1]
close [ open {C:/Users/ASA/Desktop/Digital Pulse Detection/Digital Pulse Detection.srcs/sim_1/new/TB_Filter.vhd} w ]
add_files -fileset sim_1 {{C:/Users/ASA/Desktop/Digital Pulse Detection/Digital Pulse Detection.srcs/sim_1/new/TB_Filter.vhd}}
update_compile_order -fileset sim_1
set_property top tb_Filter [get_filesets sim_1]
set_property top_lib xil_defaultlib [get_filesets sim_1]
launch_simulation
source tb_Filter.tcl
update_compile_order -fileset sim_1
close_sim
launch_simulation
source tb_Filter.tcl
close_sim
launch_simulation
source tb_Filter.tcl
close_sim
launch_simulation
source tb_Filter.tcl
current_wave_config {Untitled 4}
add_wave {{/tb_Filter/DUT/cnt}} 
current_wave_config {Untitled 4}
add_wave {{/tb_Filter/DUT/test}} 
restart
run 300 us
close_sim
launch_simulation
source tb_Filter.tcl
close_sim
launch_simulation
source tb_Filter.tcl
close_sim
launch_simulation
source tb_Filter.tcl
restart
run 300 us
close_sim
launch_simulation
source tb_Filter.tcl
current_wave_config {Untitled 8}
add_wave {{/tb_Filter/DUT/test}} 
current_wave_config {Untitled 8}
add_wave {{/tb_Filter/DUT/cnt}} 
restart
run 300 us
close_sim
launch_simulation
source tb_Filter.tcl
current_wave_config {Untitled 9}
add_wave {{/tb_Filter/DUT/test}} 
current_wave_config {Untitled 9}
add_wave {{/tb_Filter/DUT/cnt}} 
restart
run 300 us
close_sim
launch_simulation
source tb_Filter.tcl
close_sim
launch_simulation
source tb_Filter.tcl
current_wave_config {Untitled 11}
add_wave {{/tb_Filter/DUT/test}} 
current_wave_config {Untitled 11}
add_wave {{/tb_Filter/DUT/cnt}} 
restart
run 300 us
close_sim
launch_simulation
source tb_Filter.tcl
close_sim
launch_simulation
source tb_Filter.tcl
current_wave_config {Untitled 13}
add_wave {{/tb_Filter/DUT/out_reg}} 
current_wave_config {Untitled 13}
add_wave {{/tb_Filter/DUT/cnt}} 
current_wave_config {Untitled 13}
add_wave {{/tb_Filter/DUT/test}} 
restart
run 300 us
close_sim
launch_simulation
source tb_Filter.tcl
close_sim
launch_simulation
source tb_Filter.tcl
close_sim
launch_simulation
source tb_Filter.tcl
close_sim
launch_simulation
source tb_Filter.tcl
close_sim
